***********************************************************************************
*                                                                                 *
*  PPPPPPPPPPPP    L               U           U   M           M         A        *
*  P           P   L               U           U   MM         MM        A A       *
*  P           P   L               U           U   M M       M M       A   A      *
*  P           P   L               U           U   M  M     M  M      A     A     *
*  P           P   L               U           U   M   M   M   M     A       A    *
*  PPPPPPPPPPPP    L               U           U   M    M M    M    A         A   *
*  P               L               U           U   M     M     M   AAAAAAAAAAAAA  *
*  P               L               U           U   M           M   A           A  *
*  P               L               U           U   M           M   A           A  *
*  P               LLLLLLLLLLLLL    UUUUUUUUUUU    M           M   A           A  *
*                                                                                 *
*            [Plu]gin-based [M]icrobiome [A]nalysis (formerly MiAMi)              *
* (C) 2016, 2018 Bioinformatics Research Group, Florida International University  *
*    Under MIT License From Open Source Initiative (OSI), All Rights Reserved.    *
*                                                                                 *
*    Any professionally published work using PluMA should cite the following:     *
*                        T. Cickovski and G. Narasimhan.                          *
*                Constructing Lightweight and Flexible Pipelines                  *
*                 Using Plugin-Based Microbiome Analysis (PluMA)                  *
*                     Bioinformatics 34(17):2881-2888, 2018                       *
*                                                                                 *
***********************************************************************************
[PluMA] Running Plugin: LLE
[[-0.15081019  0.01805074]
 [ 0.04266027  0.11704811]
 [-0.00534522  0.21297994]
 [-0.15081019  0.01805074]
 [ 0.04266027  0.11704811]
 [-0.15081019  0.01805074]
 [ 0.04266027  0.11704811]
 [-0.00644119  0.10844032]
 [-0.06743125  0.08802521]
 [-0.15081019  0.01805074]
 [-0.15081019  0.01805074]
 [ 0.04266027  0.11704811]
 [-0.07920171  0.07259688]
 [-0.15081019  0.01805074]
 [ 0.04266027  0.11704811]
 [-0.15081019  0.01805074]
 [ 0.04266027  0.11704811]
 [ 0.00890548  0.11113069]
 [-0.03327635  0.10314201]
 [-0.15081019  0.01805074]
 [-0.15081019  0.01805074]
 [ 0.04266027  0.11704811]
 [-0.07610905  0.0871267 ]
 [-0.15081019  0.01805074]
 [ 0.04266027  0.11704811]
 [-0.15081019  0.01805074]
 [ 0.04266027  0.11704811]
 [ 0.02607221  0.11414012]
 [-0.05104724  0.09895901]
 [-0.15081019  0.01805074]
 [-0.15081019  0.01805074]
 [-0.15081019  0.01805074]
 [-0.15081019  0.01805074]
 [-0.15081019  0.01805074]
 [ 0.04266027  0.11704811]
 [-0.15081019  0.01805074]
 [-0.15081019  0.01805074]
 [-0.15081019  0.01805074]
 [-0.01965289  0.10612423]
 [-0.15081019  0.01805074]
 [-0.04653075  0.09634936]
 [ 0.04266027  0.11704811]
 [ 0.04266027  0.11704811]
 [ 0.01623862  0.11241623]
 [-0.00206961  0.10920669]
 [-0.15081019  0.01805074]
 [-0.15081019  0.01805074]
 [ 0.04266027  0.11704811]
 [-0.15081019  0.01805074]
 [-0.15081019  0.01805074]
 [-0.00534522  0.21297994]
 [-0.00534522  0.21297994]
 [ 0.01536376  0.11226287]
 [-0.03336155  0.14192296]
 [-0.00534522  0.21297994]
 [-0.15081019  0.01805074]
 [ 0.04266027  0.11704811]
 [-0.00534522  0.21297994]
 [ 0.04266027  0.11704811]
 [-0.15081019  0.01805074]
 [-0.15081019  0.01805074]
 [ 0.00999379  0.11132148]
 [-0.15081019  0.01805074]
 [-0.15081019  0.01805074]
 [ 0.04266027  0.11704811]
 [ 0.04266027  0.11704811]
 [ 0.04266027  0.11704811]
 [ 0.04266027  0.11704811]
 [ 0.04266027  0.11704811]
 [-0.00831835  0.10768935]
 [ 0.04266027  0.11704811]
 [-0.15081019  0.01805074]
 [-0.15081019  0.01805074]
 [-0.15081019  0.01805074]
 [-0.15081019  0.01805074]
 [-0.00534522  0.21297994]
 [-0.00920613  0.10660287]
 [-0.00534522  0.21297994]
 [-0.15081019  0.01805074]
 [-0.15081019  0.01805074]
 [ 0.04266027  0.11704811]
 [ 0.00476272  0.11040444]
 [ 0.04266027  0.11704811]
 [-0.15081019  0.01805074]
 [-0.08496407  0.07331896]
 [ 0.04266027  0.11704811]
 [ 0.01779126  0.11268842]
 [ 0.04266027  0.11704811]
 [ 0.04266027  0.11704811]
 [-0.15081019  0.01805074]
 [ 0.04266027  0.11704811]
 [-0.15081019  0.01805074]
 [-0.15081019  0.01805074]
 [ 0.04266027  0.11704811]
 [ 0.00374789  0.11022653]
 [ 0.04266027  0.11704811]
 [-0.02267291  0.10457594]
 [ 0.04266027  0.11704811]
 [-0.15081019  0.01805074]
 [ 0.04266027  0.11704811]]
